arbaz.behlim@NAGSEZ584428L MINGW64 ~/Downloads
$ git init
Initialized empty Git repository in C:/Users/arbaz.behlim/Downloads/.git/

arbaz.behlim@NAGSEZ584428L MINGW64 ~/Downloads (master)
$ git status
On branch master

No commits yet

Untracked files:
  (use "git add <file>..." to include in what will be committed)
        Git_Workspace/
        Old Folders/
        PDF/
        Projects/
        Software/
        darshan/
        desktop.ini

nothing added to commit but untracked files present (use "git add" to track)

arbaz.behlim@NAGSEZ584428L MINGW64 ~/Downloads (master)
$ git config --global --unset http.proxy

arbaz.behlim@NAGSEZ584428L MINGW64 ~/Downloads (master)
$ git config --global user.name "Arbazbehlim"

arbaz.behlim@NAGSEZ584428L MINGW64 ~/Downloads (master)
$ git config --global user.email "behlimarbaz74@gmail.com"

arbaz.behlim@NAGSEZ584428L MINGW64 ~/Downloads (master)
$ git status
On branch master

No commits yet

Untracked files:
  (use "git add <file>..." to include in what will be committed)
        Git_Workspace/
        Old Folders/
        PDF/
        Projects/
        Software/
        darshan/
        desktop.ini

nothing added to commit but untracked files present (use "git add" to track)

arbaz.behlim@NAGSEZ584428L MINGW64 ~/Downloads (master)
$ git remote -v

arbaz.behlim@NAGSEZ584428L MINGW64 ~/Downloads (master)
$ git remote add origin 'https://github.com/Arbazbehlim/arbazRepo.git'

arbaz.behlim@NAGSEZ584428L MINGW64 ~/Downloads (master)
$ git remote -v
origin  https://github.com/Arbazbehlim/arbazRepo.git (fetch)
origin  https://github.com/Arbazbehlim/arbazRepo.git (push)

arbaz.behlim@NAGSEZ584428L MINGW64 ~/Downloads (master)
$ git add darshan/

arbaz.behlim@NAGSEZ584428L MINGW64 ~/Downloads (master)
$ git status
On branch master

No commits yet

Changes to be committed:
  (use "git rm --cached <file>..." to unstage)
        new file:   darshan/d.txt

Untracked files:
  (use "git add <file>..." to include in what will be committed)
        Git_Workspace/
        Old Folders/
        PDF/
        Projects/
        Software/
        desktop.ini


arbaz.behlim@NAGSEZ584428L MINGW64 ~/Downloads (master)
$ git commit -m "darshan folder commit"
[master (root-commit) 41ecfa4] darshan folder commit
 1 file changed, 0 insertions(+), 0 deletions(-)
 create mode 100644 darshan/d.txt

arbaz.behlim@NAGSEZ584428L MINGW64 ~/Downloads (master)
$ git push origin master
Enumerating objects: 4, done.
Counting objects: 100% (4/4), done.
Writing objects: 100% (4/4), 258 bytes | 258.00 KiB/s, done.
Total 4 (delta 0), reused 0 (delta 0), pack-reused 0
remote:
remote: Create a pull request for 'master' on GitHub by visiting:
remote:      https://github.com/Arbazbehlim/arbazRepo/pull/new/master
remote:
To https://github.com/Arbazbehlim/arbazRepo.git
 * [new branch]      master -> master

arbaz.behlim@NAGSEZ584428L MINGW64 ~/Downloads (master)
$
